[INFO  Thu Jun  4 10:11:42 2026] ...zy/mason.nvim/lua/mason-core/installer/InstallRunner.lua:40: Executing installer for Package(name=tree-sitter-cli) {
  debug = false,
  force = false,
  strict = false
}
[INFO  Thu Jun  4 10:11:42 2026] ...zy/mason.nvim/lua/mason-core/installer/InstallRunner.lua:40: Executing installer for Package(name=lua-language-server) {
  debug = false,
  force = false,
  strict = false
}
[INFO  Thu Jun  4 10:11:42 2026] ...zy/mason.nvim/lua/mason-core/installer/InstallRunner.lua:40: Executing installer for Package(name=stylua) {
  debug = false,
  force = false,
  strict = false
}
[INFO  Thu Jun  4 10:11:42 2026] ...zy/mason.nvim/lua/mason-core/installer/InstallRunner.lua:40: Executing installer for Package(name=selene) {
  debug = false,
  force = false,
  strict = false
}
[INFO  Thu Jun  4 10:11:42 2026] ...zy/mason.nvim/lua/mason-core/installer/InstallRunner.lua:40: Executing installer for Package(name=hyprls) {
  debug = false,
  force = false,
  strict = false
}
[ERROR Thu Jun  4 10:11:44 2026] ...al/share/nvim/lazy/mason.nvim/lua/mason-core/process.lua:226: Failed to spawn process. cmd="unzip", err="ENOENT: no such file or directory"
[ERROR Thu Jun  4 10:11:44 2026] ...zy/mason.nvim/lua/mason-core/installer/InstallRunner.lua:100: Installation failed for Package(name=stylua) error=spawn: unzip failed with exit code - and signal -. Could not find executable "unzip" in PATH.

[ERROR Thu Jun  4 10:11:44 2026] ...al/share/nvim/lazy/mason.nvim/lua/mason-core/process.lua:226: Failed to spawn process. cmd="unzip", err="ENOENT: no such file or directory"
[ERROR Thu Jun  4 10:11:44 2026] ...zy/mason.nvim/lua/mason-core/installer/InstallRunner.lua:100: Installation failed for Package(name=selene) error=spawn: unzip failed with exit code - and signal -. Could not find executable "unzip" in PATH.

[INFO  Thu Jun  4 10:11:44 2026] ...zy/mason.nvim/lua/mason-core/installer/InstallRunner.lua:93: Installation succeeded for Package(name=tree-sitter-cli)
[INFO  Thu Jun  4 10:11:44 2026] ...zy/mason.nvim/lua/mason-core/installer/InstallRunner.lua:93: Installation succeeded for Package(name=lua-language-server)
[INFO  Thu Jun  4 10:11:45 2026] ...zy/mason.nvim/lua/mason-core/installer/InstallRunner.lua:93: Installation succeeded for Package(name=hyprls)
[INFO  Thu Jun  4 10:20:52 2026] ...zy/mason.nvim/lua/mason-core/installer/InstallRunner.lua:40: Executing installer for Package(name=stylua) {
  debug = false,
  force = false,
  strict = false
}
[INFO  Thu Jun  4 10:20:52 2026] ...zy/mason.nvim/lua/mason-core/installer/InstallRunner.lua:40: Executing installer for Package(name=selene) {
  debug = false,
  force = false,
  strict = false
}
[ERROR Thu Jun  4 10:20:53 2026] ...al/share/nvim/lazy/mason.nvim/lua/mason-core/process.lua:226: Failed to spawn process. cmd="unzip", err="ENOENT: no such file or directory"
[ERROR Thu Jun  4 10:20:53 2026] ...zy/mason.nvim/lua/mason-core/installer/InstallRunner.lua:100: Installation failed for Package(name=stylua) error=spawn: unzip failed with exit code - and signal -. Could not find executable "unzip" in PATH.

[ERROR Thu Jun  4 10:20:53 2026] ...al/share/nvim/lazy/mason.nvim/lua/mason-core/process.lua:226: Failed to spawn process. cmd="unzip", err="ENOENT: no such file or directory"
[ERROR Thu Jun  4 10:20:53 2026] ...zy/mason.nvim/lua/mason-core/installer/InstallRunner.lua:100: Installation failed for Package(name=selene) error=spawn: unzip failed with exit code - and signal -. Could not find executable "unzip" in PATH.

[INFO  Thu Jun  4 10:36:27 2026] ...zy/mason.nvim/lua/mason-core/installer/InstallRunner.lua:40: Executing installer for Package(name=stylua) {
  debug = false,
  force = false,
  strict = false
}
[INFO  Thu Jun  4 10:36:27 2026] ...zy/mason.nvim/lua/mason-core/installer/InstallRunner.lua:40: Executing installer for Package(name=selene) {
  debug = false,
  force = false,
  strict = false
}
[ERROR Thu Jun  4 10:36:28 2026] ...al/share/nvim/lazy/mason.nvim/lua/mason-core/process.lua:226: Failed to spawn process. cmd="unzip", err="ENOENT: no such file or directory"
[ERROR Thu Jun  4 10:36:28 2026] ...zy/mason.nvim/lua/mason-core/installer/InstallRunner.lua:100: Installation failed for Package(name=selene) error=spawn: unzip failed with exit code - and signal -. Could not find executable "unzip" in PATH.

[ERROR Thu Jun  4 10:36:28 2026] ...al/share/nvim/lazy/mason.nvim/lua/mason-core/process.lua:226: Failed to spawn process. cmd="unzip", err="ENOENT: no such file or directory"
[ERROR Thu Jun  4 10:36:28 2026] ...zy/mason.nvim/lua/mason-core/installer/InstallRunner.lua:100: Installation failed for Package(name=stylua) error=spawn: unzip failed with exit code - and signal -. Could not find executable "unzip" in PATH.

[INFO  Thu Jun  4 12:04:50 2026] ...zy/mason.nvim/lua/mason-core/installer/InstallRunner.lua:40: Executing installer for Package(name=stylua) {
  debug = false,
  force = false,
  strict = false
}
[INFO  Thu Jun  4 12:04:50 2026] ...zy/mason.nvim/lua/mason-core/installer/InstallRunner.lua:40: Executing installer for Package(name=selene) {
  debug = false,
  force = false,
  strict = false
}
[ERROR Thu Jun  4 12:04:51 2026] ...al/share/nvim/lazy/mason.nvim/lua/mason-core/process.lua:226: Failed to spawn process. cmd="unzip", err="ENOENT: no such file or directory"
[ERROR Thu Jun  4 12:04:51 2026] ...zy/mason.nvim/lua/mason-core/installer/InstallRunner.lua:100: Installation failed for Package(name=stylua) error=spawn: unzip failed with exit code - and signal -. Could not find executable "unzip" in PATH.

[ERROR Thu Jun  4 12:04:52 2026] ...al/share/nvim/lazy/mason.nvim/lua/mason-core/process.lua:226: Failed to spawn process. cmd="unzip", err="ENOENT: no such file or directory"
[ERROR Thu Jun  4 12:04:52 2026] ...zy/mason.nvim/lua/mason-core/installer/InstallRunner.lua:100: Installation failed for Package(name=selene) error=spawn: unzip failed with exit code - and signal -. Could not find executable "unzip" in PATH.

[INFO  Thu Jun  4 12:38:10 2026] ...zy/mason.nvim/lua/mason-core/installer/InstallRunner.lua:40: Executing installer for Package(name=stylua) {
  debug = false,
  force = false,
  strict = false
}
[INFO  Thu Jun  4 12:38:10 2026] ...zy/mason.nvim/lua/mason-core/installer/InstallRunner.lua:40: Executing installer for Package(name=selene) {
  debug = false,
  force = false,
  strict = false
}
[ERROR Thu Jun  4 12:38:11 2026] ...al/share/nvim/lazy/mason.nvim/lua/mason-core/process.lua:226: Failed to spawn process. cmd="unzip", err="ENOENT: no such file or directory"
[ERROR Thu Jun  4 12:38:11 2026] ...zy/mason.nvim/lua/mason-core/installer/InstallRunner.lua:100: Installation failed for Package(name=stylua) error=spawn: unzip failed with exit code - and signal -. Could not find executable "unzip" in PATH.

[ERROR Thu Jun  4 12:38:11 2026] ...al/share/nvim/lazy/mason.nvim/lua/mason-core/process.lua:226: Failed to spawn process. cmd="unzip", err="ENOENT: no such file or directory"
[ERROR Thu Jun  4 12:38:11 2026] ...zy/mason.nvim/lua/mason-core/installer/InstallRunner.lua:100: Installation failed for Package(name=selene) error=spawn: unzip failed with exit code - and signal -. Could not find executable "unzip" in PATH.

[INFO  Thu Jun  4 12:40:09 2026] ...zy/mason.nvim/lua/mason-core/installer/InstallRunner.lua:40: Executing installer for Package(name=stylua) {
  debug = false,
  force = false,
  strict = false
}
[INFO  Thu Jun  4 12:40:09 2026] ...zy/mason.nvim/lua/mason-core/installer/InstallRunner.lua:40: Executing installer for Package(name=selene) {
  debug = false,
  force = false,
  strict = false
}
[ERROR Thu Jun  4 12:40:10 2026] ...al/share/nvim/lazy/mason.nvim/lua/mason-core/process.lua:226: Failed to spawn process. cmd="unzip", err="ENOENT: no such file or directory"
[ERROR Thu Jun  4 12:40:10 2026] ...zy/mason.nvim/lua/mason-core/installer/InstallRunner.lua:100: Installation failed for Package(name=selene) error=spawn: unzip failed with exit code - and signal -. Could not find executable "unzip" in PATH.

[ERROR Thu Jun  4 12:40:10 2026] ...al/share/nvim/lazy/mason.nvim/lua/mason-core/process.lua:226: Failed to spawn process. cmd="unzip", err="ENOENT: no such file or directory"
[ERROR Thu Jun  4 12:40:10 2026] ...zy/mason.nvim/lua/mason-core/installer/InstallRunner.lua:100: Installation failed for Package(name=stylua) error=spawn: unzip failed with exit code - and signal -. Could not find executable "unzip" in PATH.

[INFO  Thu Jun  4 21:58:41 2026] ...zy/mason.nvim/lua/mason-core/installer/InstallRunner.lua:40: Executing installer for Package(name=stylua) {
  debug = false,
  force = false,
  strict = false
}
[INFO  Thu Jun  4 21:58:41 2026] ...zy/mason.nvim/lua/mason-core/installer/InstallRunner.lua:40: Executing installer for Package(name=selene) {
  debug = false,
  force = false,
  strict = false
}
[ERROR Thu Jun  4 21:58:41 2026] ...zy/mason.nvim/lua/mason-core/installer/InstallRunner.lua:100: Installation failed for Package(name=stylua) error="Installation was aborted."
[ERROR Thu Jun  4 21:58:41 2026] ...zy/mason.nvim/lua/mason-core/installer/InstallRunner.lua:100: Installation failed for Package(name=selene) error="Installation was aborted."
[INFO  Thu Jun  4 22:18:03 2026] ...zy/mason.nvim/lua/mason-core/installer/InstallRunner.lua:40: Executing installer for Package(name=stylua) {
  debug = false,
  force = false,
  strict = false
}
[INFO  Thu Jun  4 22:18:03 2026] ...zy/mason.nvim/lua/mason-core/installer/InstallRunner.lua:40: Executing installer for Package(name=selene) {
  debug = false,
  force = false,
  strict = false
}
[ERROR Thu Jun  4 22:18:03 2026] ...zy/mason.nvim/lua/mason-core/installer/InstallRunner.lua:100: Installation failed for Package(name=stylua) error="Installation was aborted."
[ERROR Thu Jun  4 22:18:03 2026] ...zy/mason.nvim/lua/mason-core/installer/InstallRunner.lua:100: Installation failed for Package(name=selene) error="Installation was aborted."
[INFO  Thu Jun  4 23:28:23 2026] ...zy/mason.nvim/lua/mason-core/installer/InstallRunner.lua:40: Executing installer for Package(name=stylua) {
  debug = false,
  force = false,
  strict = false
}
[INFO  Thu Jun  4 23:28:23 2026] ...zy/mason.nvim/lua/mason-core/installer/InstallRunner.lua:40: Executing installer for Package(name=selene) {
  debug = false,
  force = false,
  strict = false
}
[ERROR Thu Jun  4 23:28:24 2026] ...zy/mason.nvim/lua/mason-core/installer/InstallRunner.lua:100: Installation failed for Package(name=stylua) error="Installation was aborted."
[ERROR Thu Jun  4 23:28:24 2026] ...zy/mason.nvim/lua/mason-core/installer/InstallRunner.lua:100: Installation failed for Package(name=selene) error="Installation was aborted."
[INFO  Fri Jun  5 00:29:23 2026] ...zy/mason.nvim/lua/mason-core/installer/InstallRunner.lua:40: Executing installer for Package(name=stylua) {
  debug = false,
  force = false,
  strict = false
}
[INFO  Fri Jun  5 00:29:23 2026] ...zy/mason.nvim/lua/mason-core/installer/InstallRunner.lua:40: Executing installer for Package(name=selene) {
  debug = false,
  force = false,
  strict = false
}
[INFO  Fri Jun  5 00:29:24 2026] ...zy/mason.nvim/lua/mason-core/installer/InstallRunner.lua:93: Installation succeeded for Package(name=selene)
[INFO  Fri Jun  5 00:29:25 2026] ...zy/mason.nvim/lua/mason-core/installer/InstallRunner.lua:93: Installation succeeded for Package(name=stylua)
