[   260.075] 
X.Org X Server 1.21.1.23
X Protocol Version 11, Revision 0
[   260.075] Current Operating System: Linux lfs-isaak 7.0.10-zen1-1-zen #1 ZEN SMP PREEMPT_DYNAMIC Fri, 29 May 2026 00:09:41 +0000 x86_64
[   260.076] Kernel command line: BOOT_IMAGE=/boot/vmlinuz-linux-zen root=/dev/sda9 rw
[   260.076]  
[   260.076] Current version of pixman: 0.46.4
[   260.076] 	Before reporting problems, check http://wiki.x.org
	to make sure that you have the latest version.
[   260.076] Markers: (--) probed, (**) from config file, (==) default setting,
	(++) from command line, (!!) notice, (II) informational,
	(WW) warning, (EE) error, (NI) not implemented, (??) unknown.
[   260.076] (==) Log file: "/home/isaak/.local/share/xorg/Xorg.0.log", Time: Fri Jun  5 23:59:11 2026
[   260.076] (==) Using config directory: "/etc/X11/xorg.conf.d"
[   260.076] (==) Using system config directory "/usr/share/X11/xorg.conf.d"
[   260.077] (==) No Layout section.  Using the first Screen section.
[   260.077] (==) No screen section available. Using defaults.
[   260.077] (**) |-->Screen "Default Screen Section" (0)
[   260.077] (**) |   |-->Monitor "<default monitor>"
[   260.077] (==) No monitor specified for screen "Default Screen Section".
	Using a default monitor configuration.
[   260.077] (**) Option "AutoAddDevices" "True"
[   260.077] (**) Allowing byte-swapped clients
[   260.077] (**) Automatically adding devices
[   260.077] (==) Automatically enabling devices
[   260.077] (==) Automatically adding GPU devices
[   260.077] (==) Automatically binding GPU devices
[   260.077] (==) Max clients allowed: 256, resource mask: 0x1fffff
[   260.077] (WW) The directory "/usr/share/fonts/misc" does not exist.
[   260.077] 	Entry deleted from font path.
[   260.077] (WW) The directory "/usr/share/fonts/OTF" does not exist.
[   260.077] 	Entry deleted from font path.
[   260.077] (WW) The directory "/usr/share/fonts/Type1" does not exist.
[   260.077] 	Entry deleted from font path.
[   260.077] (==) FontPath set to:
	/usr/share/fonts/TTF,
	/usr/share/fonts/100dpi,
	/usr/share/fonts/75dpi
[   260.077] (==) ModulePath set to "/usr/lib/xorg/modules"
[   260.077] (II) The server relies on udev to provide the list of input devices.
	If no devices become available, reconfigure udev or disable AutoAddDevices.
[   260.077] (II) Module ABI versions:
[   260.077] 	X.Org ANSI C Emulation: 0.4
[   260.077] 	X.Org Video Driver: 25.2
[   260.077] 	X.Org XInput driver : 24.4
[   260.077] 	X.Org Server Extension : 10.0
[   260.078] (++) using VT number 2

[   285.104] (EE) systemd-logind: failed to get session: Did not receive a reply. Possible causes include: the remote application did not send a reply, the message bus security policy blocked the reply, the reply timeout expired, or the network connection was broken.
[   285.107] (II) xfree86: Adding drm device (/dev/dri/card1)
[   285.107] (II) Platform probe for /sys/devices/pci0000:00/0000:00:02.0/drm/card1
[   285.113] (--) PCI:*(0@0:2:0) 8086:591b:1043:1b90 rev 4, Mem @ 0xdd000000/16777216, 0xb0000000/268435456, I/O @ 0x0000f000/64, BIOS @ 0x????????/131072
[   285.113] (--) PCI: (1@0:0:0) 10de:1c8d:1043:1b90 rev 161, Mem @ 0xde000000/16777216, 0xc0000000/268435456, 0xd0000000/33554432, I/O @ 0x0000e000/128, BIOS @ 0x????????/524288
[   285.113] (II) LoadModule: "glx"
[   285.113] (II) Loading /usr/lib/xorg/modules/extensions/libglx.so
[   285.114] (II) Module glx: vendor="X.Org Foundation"
[   285.114] 	compiled for 1.21.1.23, module version = 1.0.0
[   285.114] 	ABI class: X.Org Server Extension, version 10.0
[   285.114] (==) Matched intel as autoconfigured driver 0
[   285.114] (==) Matched modesetting as autoconfigured driver 1
[   285.114] (==) Matched fbdev as autoconfigured driver 2
[   285.114] (==) Matched vesa as autoconfigured driver 3
[   285.114] (==) Assigned the driver to the xf86ConfigLayout
[   285.114] (II) LoadModule: "intel"
[   285.114] (WW) Warning, couldn't open module intel
[   285.114] (EE) Failed to load module "intel" (module does not exist, 0)
[   285.114] (II) LoadModule: "modesetting"
[   285.114] (II) Loading /usr/lib/xorg/modules/drivers/modesetting_drv.so
[   285.114] (II) Module modesetting: vendor="X.Org Foundation"
[   285.114] 	compiled for 1.21.1.23, module version = 1.21.1
[   285.114] 	Module class: X.Org Video Driver
[   285.114] 	ABI class: X.Org Video Driver, version 25.2
[   285.114] (II) LoadModule: "fbdev"
[   285.115] (WW) Warning, couldn't open module fbdev
[   285.115] (EE) Failed to load module "fbdev" (module does not exist, 0)
[   285.115] (II) LoadModule: "vesa"
[   285.115] (II) Loading /usr/lib/xorg/modules/drivers/vesa_drv.so
[   285.115] (II) Module vesa: vendor="X.Org Foundation"
[   285.115] 	compiled for 1.21.1.21, module version = 2.6.0
[   285.115] 	Module class: X.Org Video Driver
[   285.115] 	ABI class: X.Org Video Driver, version 25.2
[   285.115] (II) modesetting: Driver for Modesetting Kernel Drivers: kms
[   285.115] (II) VESA: driver for VESA chipsets: vesa
[   285.115] xf86EnableIO: failed to enable I/O ports access (Operation not permitted)
[   285.128] (II) modeset(0): using drv /dev/dri/card1
[   285.128] (WW) VGA arbiter: cannot open kernel arbiter, no multi-card support
[   285.128] (II) modeset(0): Creating default Display subsection in Screen section
	"Default Screen Section" for depth/fbbpp 24/32
[   285.128] (==) modeset(0): Depth 24, (==) framebuffer bpp 32
[   285.128] (==) modeset(0): RGB weight 888
[   285.128] (==) modeset(0): Default visual is TrueColor
[   285.128] (II) Loading sub module "glamoregl"
[   285.128] (II) LoadModule: "glamoregl"
[   285.128] (II) Loading /usr/lib/xorg/modules/libglamoregl.so
[   285.154] (II) Module glamoregl: vendor="X.Org Foundation"
[   285.154] 	compiled for 1.21.1.23, module version = 1.0.1
[   285.154] 	ABI class: X.Org ANSI C Emulation, version 0.4
[   286.095] (II) modeset(0): glamor: Using OpenGL 4.6 context.
[   286.097] (II) modeset(0): glamor X acceleration enabled on Mesa Intel(R) HD Graphics 630 (KBL GT2)
[   286.097] (II) modeset(0): glamor initialized
[   286.097] (==) modeset(0): VariableRefresh: disabled
[   286.097] (==) modeset(0): AsyncFlipSecondaries: disabled
[   286.098] (II) modeset(0): Output eDP-1 has no monitor section
[   286.101] (II) modeset(0): Output HDMI-1 has no monitor section
[   286.103] (II) modeset(0): EDID for output eDP-1
[   286.103] (II) modeset(0): Manufacturer: AUO  Model: 61ed  Serial#: 0
[   286.103] (II) modeset(0): Year: 2016  Week: 0
[   286.103] (II) modeset(0): EDID Version: 1.4
[   286.103] (II) modeset(0): Digital Display Input
[   286.103] (II) modeset(0): 6 bits per channel
[   286.103] (II) modeset(0): Digital interface is DisplayPort
[   286.103] (II) modeset(0): Max Image Size [cm]: horiz.: 34  vert.: 19
[   286.103] (II) modeset(0): Gamma: 2.20
[   286.103] (II) modeset(0): No DPMS capabilities specified
[   286.103] (II) modeset(0): Supported color encodings: RGB 4:4:4 
[   286.103] (II) modeset(0): First detailed timing is preferred mode
[   286.103] (II) modeset(0): Preferred mode is native pixel format and refresh rate
[   286.103] (II) modeset(0): redX: 0.575 redY: 0.345   greenX: 0.350 greenY: 0.575
[   286.103] (II) modeset(0): blueX: 0.160 blueY: 0.150   whiteX: 0.313 whiteY: 0.329
[   286.103] (II) modeset(0): Manufacturer's mask: 0
[   286.103] (II) modeset(0): Supported detailed timing:
[   286.103] (II) modeset(0): clock: 142.0 MHz   Image Size:  344 x 193 mm
[   286.103] (II) modeset(0): h_active: 1920  h_sync: 2028  h_sync_end 2076 h_blank_end 2100 h_border: 0
[   286.103] (II) modeset(0): v_active: 1080  v_sync: 1090  v_sync_end 1100 v_blanking: 1126 v_border: 0
[   286.103] (II) modeset(0): Unknown vendor-specific block f
[   286.104] (II) modeset(0):  AUO
[   286.104] (II) modeset(0):  B156HAN06.1
[   286.104] (II) modeset(0): EDID (in hex):
[   286.104] (II) modeset(0): 	00ffffffffffff0006afed6100000000
[   286.104] (II) modeset(0): 	001a0104952213780259259358599329
[   286.104] (II) modeset(0): 	26505400000001010101010101010101
[   286.104] (II) modeset(0): 	010101010101783780b470382e406c30
[   286.104] (II) modeset(0): 	aa0058c1100000180000000f00000000
[   286.104] (II) modeset(0): 	00000000000000000020000000fe0041
[   286.104] (II) modeset(0): 	554f0a202020202020202020000000fe
[   286.104] (II) modeset(0): 	004231353648414e30362e31200a00ea
[   286.104] (II) modeset(0): Printing probed modes for output eDP-1
[   286.104] (II) modeset(0): Modeline "1920x1080"x60.1  142.00  1920 2028 2076 2100  1080 1090 1100 1126 -hsync -vsync (67.6 kHz eP)
[   286.104] (II) modeset(0): Modeline "1920x1080"x120.0  356.38  1920 2080 2288 2656  1080 1081 1084 1118 doublescan -hsync +vsync (134.2 kHz d)
[   286.104] (II) modeset(0): Modeline "1920x1080"x119.9  266.50  1920 1944 1960 2000  1080 1081 1084 1111 doublescan +hsync -vsync (133.2 kHz d)
[   286.104] (II) modeset(0): Modeline "1920x1080"x60.0  173.00  1920 2048 2248 2576  1080 1083 1088 1120 -hsync +vsync (67.2 kHz d)
[   286.104] (II) modeset(0): Modeline "1920x1080"x59.9  138.50  1920 1968 2000 2080  1080 1083 1088 1111 +hsync -vsync (66.6 kHz d)
[   286.104] (II) modeset(0): Modeline "1680x1050"x60.0  146.25  1680 1784 1960 2240  1050 1053 1059 1089 -hsync +vsync (65.3 kHz d)
[   286.104] (II) modeset(0): Modeline "1680x1050"x59.9  119.00  1680 1728 1760 1840  1050 1053 1059 1080 +hsync -vsync (64.7 kHz d)
[   286.104] (II) modeset(0): Modeline "1400x1050"x60.0  122.00  1400 1488 1640 1880  1050 1052 1064 1082 +hsync +vsync (64.9 kHz d)
[   286.104] (II) modeset(0): Modeline "1600x900"x120.0  246.00  1600 1728 1900 2200  900 901 904 932 doublescan -hsync +vsync (111.8 kHz d)
[   286.104] (II) modeset(0): Modeline "1600x900"x119.9  186.50  1600 1624 1640 1680  900 901 904 926 doublescan +hsync -vsync (111.0 kHz d)
[   286.104] (II) modeset(0): Modeline "1600x900"x59.9  118.25  1600 1696 1856 2112  900 903 908 934 -hsync +vsync (56.0 kHz d)
[   286.104] (II) modeset(0): Modeline "1600x900"x59.8   97.50  1600 1648 1680 1760  900 903 908 926 +hsync -vsync (55.4 kHz d)
[   286.104] (II) modeset(0): Modeline "1280x1024"x60.0  108.00  1280 1328 1440 1688  1024 1025 1028 1066 +hsync +vsync (64.0 kHz d)
[   286.104] (II) modeset(0): Modeline "1400x900"x60.0  103.50  1400 1480 1624 1848  900 903 913 934 -hsync +vsync (56.0 kHz d)
[   286.104] (II) modeset(0): Modeline "1400x900"x59.9   86.50  1400 1448 1480 1560  900 903 913 926 +hsync -vsync (55.4 kHz d)
[   286.104] (II) modeset(0): Modeline "1280x960"x60.0  108.00  1280 1376 1488 1800  960 961 964 1000 +hsync +vsync (60.0 kHz d)
[   286.104] (II) modeset(0): Modeline "1440x810"x120.0  198.12  1440 1548 1704 1968  810 811 814 839 doublescan -hsync +vsync (100.7 kHz d)
[   286.104] (II) modeset(0): Modeline "1440x810"x119.9  151.88  1440 1464 1480 1520  810 811 814 833 doublescan +hsync -vsync (99.9 kHz d)
[   286.104] (II) modeset(0): Modeline "1368x768"x59.9   85.25  1368 1440 1576 1784  768 771 781 798 -hsync +vsync (47.8 kHz d)
[   286.104] (II) modeset(0): Modeline "1368x768"x59.9   72.25  1368 1416 1448 1528  768 771 781 790 +hsync -vsync (47.3 kHz d)
[   286.104] (II) modeset(0): Modeline "1280x800"x120.0  174.25  1280 1380 1516 1752  800 801 804 829 doublescan -hsync +vsync (99.5 kHz d)
[   286.104] (II) modeset(0): Modeline "1280x800"x119.9  134.25  1280 1304 1320 1360  800 801 804 823 doublescan +hsync -vsync (98.7 kHz d)
[   286.104] (II) modeset(0): Modeline "1280x800"x59.8   83.50  1280 1352 1480 1680  800 803 809 831 -hsync +vsync (49.7 kHz d)
[   286.104] (II) modeset(0): Modeline "1280x800"x59.9   71.00  1280 1328 1360 1440  800 803 809 823 +hsync -vsync (49.3 kHz d)
[   286.104] (II) modeset(0): Modeline "1280x720"x120.0  156.12  1280 1376 1512 1744  720 721 724 746 doublescan -hsync +vsync (89.5 kHz d)
[   286.104] (II) modeset(0): Modeline "1280x720"x120.0  120.75  1280 1304 1320 1360  720 721 724 740 doublescan +hsync -vsync (88.8 kHz d)
[   286.104] (II) modeset(0): Modeline "1280x720"x59.9   74.50  1280 1344 1472 1664  720 723 728 748 -hsync +vsync (44.8 kHz d)
[   286.104] (II) modeset(0): Modeline "1280x720"x59.7   63.75  1280 1328 1360 1440  720 723 728 741 +hsync -vsync (44.3 kHz d)
[   286.105] (II) modeset(0): Modeline "1024x768"x120.1  133.47  1024 1100 1212 1400  768 768 770 794 doublescan -hsync +vsync (95.3 kHz d)
[   286.105] (II) modeset(0): Modeline "1024x768"x60.0   65.00  1024 1048 1184 1344  768 771 777 806 -hsync -vsync (48.4 kHz d)
[   286.105] (II) modeset(0): Modeline "960x720"x120.0  117.00  960 1024 1128 1300  720 720 722 750 doublescan -hsync +vsync (90.0 kHz d)
[   286.105] (II) modeset(0): Modeline "928x696"x120.1  109.15  928 976 1088 1264  696 696 698 719 doublescan -hsync +vsync (86.4 kHz d)
[   286.105] (II) modeset(0): Modeline "896x672"x120.0  102.40  896 960 1060 1224  672 672 674 697 doublescan -hsync +vsync (83.7 kHz d)
[   286.105] (II) modeset(0): Modeline "1024x576"x119.9   98.50  1024 1092 1200 1376  576 577 580 597 doublescan -hsync +vsync (71.6 kHz d)
[   286.105] (II) modeset(0): Modeline "1024x576"x119.9   78.38  1024 1048 1064 1104  576 577 580 592 doublescan +hsync -vsync (71.0 kHz d)
[   286.105] (II) modeset(0): Modeline "1024x576"x59.9   46.50  1024 1064 1160 1296  576 579 584 599 -hsync +vsync (35.9 kHz d)
[   286.105] (II) modeset(0): Modeline "1024x576"x59.8   42.00  1024 1072 1104 1184  576 579 584 593 +hsync -vsync (35.5 kHz d)
[   286.105] (II) modeset(0): Modeline "960x600"x119.9   96.62  960 1028 1128 1296  600 601 604 622 doublescan -hsync +vsync (74.6 kHz d)
[   286.105] (II) modeset(0): Modeline "960x600"x120.0   77.00  960 984 1000 1040  600 601 604 617 doublescan +hsync -vsync (74.0 kHz d)
[   286.105] (II) modeset(0): Modeline "960x540"x119.9   86.50  960 1024 1124 1288  540 541 544 560 doublescan -hsync +vsync (67.2 kHz d)
[   286.105] (II) modeset(0): Modeline "960x540"x120.0   69.25  960 984 1000 1040  540 541 544 555 doublescan +hsync -vsync (66.6 kHz d)
[   286.105] (II) modeset(0): Modeline "960x540"x59.6   40.75  960 992 1088 1216  540 543 548 562 -hsync +vsync (33.5 kHz d)
[   286.105] (II) modeset(0): Modeline "960x540"x59.8   37.25  960 1008 1040 1120  540 543 548 556 +hsync -vsync (33.3 kHz d)
[   286.105] (II) modeset(0): Modeline "800x600"x120.0   81.00  800 832 928 1080  600 600 602 625 doublescan +hsync +vsync (75.0 kHz d)
[   286.105] (II) modeset(0): Modeline "800x600"x60.3   40.00  800 840 968 1056  600 601 605 628 +hsync +vsync (37.9 kHz d)
[   286.105] (II) modeset(0): Modeline "800x600"x56.2   36.00  800 824 896 1024  600 601 603 625 +hsync +vsync (35.2 kHz d)
[   286.105] (II) modeset(0): Modeline "840x525"x120.0   73.12  840 892 980 1120  525 526 529 544 doublescan -hsync +vsync (65.3 kHz d)
[   286.105] (II) modeset(0): Modeline "840x525"x119.8   59.50  840 864 880 920  525 526 529 540 doublescan +hsync -vsync (64.7 kHz d)
[   286.105] (II) modeset(0): Modeline "864x486"x59.9   32.50  864 888 968 1072  486 489 494 506 -hsync +vsync (30.3 kHz d)
[   286.105] (II) modeset(0): Modeline "864x486"x59.6   30.50  864 912 944 1024  486 489 494 500 +hsync -vsync (29.8 kHz d)
[   286.105] (II) modeset(0): Modeline "700x525"x120.0   61.00  700 744 820 940  525 526 532 541 doublescan +hsync +vsync (64.9 kHz d)
[   286.105] (II) modeset(0): Modeline "800x450"x119.9   59.12  800 848 928 1056  450 451 454 467 doublescan -hsync +vsync (56.0 kHz d)
[   286.105] (II) modeset(0): Modeline "800x450"x119.6   48.75  800 824 840 880  450 451 454 463 doublescan +hsync -vsync (55.4 kHz d)
[   286.105] (II) modeset(0): Modeline "640x512"x120.0   54.00  640 664 720 844  512 512 514 533 doublescan +hsync +vsync (64.0 kHz d)
[   286.105] (II) modeset(0): Modeline "700x450"x119.9   51.75  700 740 812 924  450 451 456 467 doublescan -hsync +vsync (56.0 kHz d)
[   286.105] (II) modeset(0): Modeline "700x450"x119.8   43.25  700 724 740 780  450 451 456 463 doublescan +hsync -vsync (55.4 kHz d)
[   286.105] (II) modeset(0): Modeline "640x480"x120.0   54.00  640 688 744 900  480 480 482 500 doublescan +hsync +vsync (60.0 kHz d)
[   286.105] (II) modeset(0): Modeline "640x480"x59.9   25.18  640 656 752 800  480 490 492 525 -hsync -vsync (31.5 kHz d)
[   286.105] (II) modeset(0): Modeline "720x405"x59.5   22.50  720 744 808 896  405 408 413 422 -hsync +vsync (25.1 kHz d)
[   286.105] (II) modeset(0): Modeline "720x405"x59.0   21.75  720 768 800 880  405 408 413 419 +hsync -vsync (24.7 kHz d)
[   286.105] (II) modeset(0): Modeline "684x384"x119.8   42.62  684 720 788 892  384 385 390 399 doublescan -hsync +vsync (47.8 kHz d)
[   286.105] (II) modeset(0): Modeline "684x384"x119.7   36.12  684 708 724 764  384 385 390 395 doublescan +hsync -vsync (47.3 kHz d)
[   286.105] (II) modeset(0): Modeline "640x400"x119.8   41.75  640 676 740 840  400 401 404 415 doublescan -hsync +vsync (49.7 kHz d)
[   286.105] (II) modeset(0): Modeline "640x400"x120.0   35.50  640 664 680 720  400 401 404 411 doublescan +hsync -vsync (49.3 kHz d)
[   286.105] (II) modeset(0): Modeline "640x360"x119.7   37.25  640 672 736 832  360 361 364 374 doublescan -hsync +vsync (44.8 kHz d)
[   286.105] (II) modeset(0): Modeline "640x360"x119.7   31.88  640 664 680 720  360 361 364 370 doublescan +hsync -vsync (44.3 kHz d)
[   286.105] (II) modeset(0): Modeline "640x360"x59.8   18.00  640 664 720 800  360 363 368 376 -hsync +vsync (22.5 kHz d)
[   286.105] (II) modeset(0): Modeline "640x360"x59.3   17.75  640 688 720 800  360 363 368 374 +hsync -vsync (22.2 kHz d)
[   286.105] (II) modeset(0): Modeline "512x384"x120.0   32.50  512 524 592 672  384 385 388 403 doublescan -hsync -vsync (48.4 kHz d)
[   286.105] (II) modeset(0): Modeline "512x288"x120.0   23.25  512 532 580 648  288 289 292 299 doublescan -hsync +vsync (35.9 kHz d)
[   286.105] (II) modeset(0): Modeline "512x288"x119.8   21.00  512 536 552 592  288 289 292 296 doublescan +hsync -vsync (35.5 kHz d)
[   286.105] (II) modeset(0): Modeline "480x270"x119.3   20.38  480 496 544 608  270 271 274 281 doublescan -hsync +vsync (33.5 kHz d)
[   286.105] (II) modeset(0): Modeline "480x270"x119.6   18.62  480 504 520 560  270 271 274 278 doublescan +hsync -vsync (33.3 kHz d)
[   286.105] (II) modeset(0): Modeline "400x300"x120.6   20.00  400 420 484 528  300 300 302 314 doublescan +hsync +vsync (37.9 kHz d)
[   286.105] (II) modeset(0): Modeline "400x300"x112.7   18.00  400 412 448 512  300 300 301 312 doublescan +hsync +vsync (35.2 kHz d)
[   286.105] (II) modeset(0): Modeline "432x243"x119.8   16.25  432 444 484 536  243 244 247 253 doublescan -hsync +vsync (30.3 kHz d)
[   286.105] (II) modeset(0): Modeline "432x243"x119.1   15.25  432 456 472 512  243 244 247 250 doublescan +hsync -vsync (29.8 kHz d)
[   286.105] (II) modeset(0): Modeline "320x240"x120.1   12.59  320 328 376 400  240 245 246 262 doublescan -hsync -vsync (31.5 kHz d)
[   286.105] (II) modeset(0): Modeline "360x202"x119.0   11.25  360 372 404 448  202 204 206 211 doublescan -hsync +vsync (25.1 kHz d)
[   286.105] (II) modeset(0): Modeline "360x202"x118.3   10.88  360 384 400 440  202 204 206 209 doublescan +hsync -vsync (24.7 kHz d)
[   286.105] (II) modeset(0): Modeline "320x180"x119.7    9.00  320 332 360 400  180 181 184 188 doublescan -hsync +vsync (22.5 kHz d)
[   286.105] (II) modeset(0): Modeline "320x180"x118.6    8.88  320 344 360 400  180 181 184 187 doublescan +hsync -vsync (22.2 kHz d)
[   286.108] (II) modeset(0): EDID for output HDMI-1
[   286.108] (II) modeset(0): Output eDP-1 connected
[   286.109] (II) modeset(0): Output HDMI-1 disconnected
[   286.109] (II) modeset(0): Using exact sizes for initial modes
[   286.109] (II) modeset(0): Output eDP-1 using initial mode 1920x1080 +0+0
[   286.109] (==) modeset(0): Using gamma correction (1.0, 1.0, 1.0)
[   286.109] (==) modeset(0): DPI set to (96, 96)
[   286.109] (II) Loading sub module "fb"
[   286.109] (II) LoadModule: "fb"
[   286.109] (II) Module "fb" already built-in
[   286.109] (II) UnloadModule: "vesa"
[   286.109] (II) Unloading vesa
[   286.209] (==) modeset(0): Backing store enabled
[   286.209] (==) modeset(0): Silken mouse enabled
[   286.279] (II) modeset(0): Initializing kms color map for depth 24, 8 bpc.
[   286.279] (==) modeset(0): DPMS enabled
[   286.279] (II) modeset(0): [DRI2] Setup complete
[   286.279] (II) modeset(0): [DRI2]   DRI driver: iris
[   286.279] (II) modeset(0): [DRI2]   VDPAU driver: va_gl
[   286.279] (II) Initializing extension Generic Event Extension
[   286.280] (II) Initializing extension SHAPE
[   286.280] (II) Initializing extension MIT-SHM
[   286.280] (II) Initializing extension XInputExtension
[   286.281] (II) Initializing extension XTEST
[   286.281] (II) Initializing extension BIG-REQUESTS
[   286.281] (II) Initializing extension SYNC
[   286.281] (II) Initializing extension XKEYBOARD
[   286.282] (II) Initializing extension XC-MISC
[   286.282] (II) Initializing extension SECURITY
[   286.283] (II) Initializing extension XFIXES
[   286.283] (II) Initializing extension RENDER
[   286.283] (II) Initializing extension RANDR
[   286.284] (II) Initializing extension COMPOSITE
[   286.284] (II) Initializing extension DAMAGE
[   286.284] (II) Initializing extension MIT-SCREEN-SAVER
[   286.285] (II) Initializing extension DOUBLE-BUFFER
[   286.285] (II) Initializing extension RECORD
[   286.285] (II) Initializing extension DPMS
[   286.285] (II) Initializing extension Present
[   286.286] (II) Initializing extension DRI3
[   286.286] (II) Initializing extension X-Resource
[   286.286] (II) Initializing extension XVideo
[   286.286] (II) Initializing extension XVideo-MotionCompensation
[   286.286] (II) Initializing extension GLX
[   286.315] (II) AIGLX: Loaded and initialized iris
[   286.315] (II) GLX: Initialized DRI2 GL provider for screen 0
[   286.315] (II) Initializing extension XFree86-VidModeExtension
[   286.315] (II) Initializing extension XFree86-DGA
[   286.316] (II) Initializing extension XFree86-DRI
[   286.316] (II) Initializing extension DRI2
[   286.318] (II) modeset(0): Damage tracking initialized
[   286.318] (II) modeset(0): Setting screen physical size to 508 x 285
[   286.458] (II) config/udev: Adding input device HDA Intel PCH Headphone (/dev/input/event18)
[   286.458] (II) No input driver specified, ignoring this device.
[   286.458] (II) This device may have been added with another device file.
[   286.459] (II) config/udev: Adding input device HDA Intel PCH HDMI/DP,pcm=3 (/dev/input/event19)
[   286.459] (II) No input driver specified, ignoring this device.
[   286.459] (II) This device may have been added with another device file.
[   286.459] (II) config/udev: Adding input device HDA Intel PCH HDMI/DP,pcm=7 (/dev/input/event20)
[   286.459] (II) No input driver specified, ignoring this device.
[   286.459] (II) This device may have been added with another device file.
[   286.460] (II) config/udev: Adding input device HDA Intel PCH HDMI/DP,pcm=8 (/dev/input/event21)
[   286.460] (II) No input driver specified, ignoring this device.
[   286.460] (II) This device may have been added with another device file.
